src/app/api/secure/dms/documents/[id]/acknowledgements/route.ts(32,55): error TS2339: Property 'getForDocument' does not exist on type 'typeof AcknowledgementService'.
src/app/api/secure/dms/documents/[id]/acknowledgements/route.ts(38,63): error TS2339: Property 'getForDocument' does not exist on type 'typeof AcknowledgementService'.
src/app/api/secure/dms/documents/[id]/acknowledgements/route.ts(61,53): error TS2339: Property 'acknowledgeDocument' does not exist on type 'typeof AcknowledgementService'.
src/app/api/secure/dms/documents/[id]/comments/route.ts(45,76): error TS2345: Argument of type 'number' is not assignable to parameter of type 'AuthUser'.
src/lib/dms/services/AcknowledgementService.ts(2,24): error TS2307: Cannot find module '@/lib/db/prisma' or its corresponding type declarations.
src/lib/dms/services/CommentService.ts(2,24): error TS2307: Cannot find module '@/lib/db/prisma' or its corresponding type declarations.
src/lib/dms/services/PermissionService.ts(2,24): error TS2307: Cannot find module '@/lib/db/prisma' or its corresponding type declarations.
src/lib/dms/services/ReviewService.ts(2,24): error TS2307: Cannot find module '@/lib/db/prisma' or its corresponding type declarations.
