≡ƒº¬ Testing Comment Service...
≡ƒôä Found Document: Draft Proposal (cmlrx083t00073zj0o3i4vy3q)
≡ƒæñ Found User: System Administrator (1)
≡ƒô¥ Adding comment...
prisma:query BEGIN
prisma:query SELECT "public"."Document"."id", "public"."Document"."title", "public"."Document"."description", "public"."Document"."folderId", "public"."Document"."tenantId", "public"."Document"."status"::text, "public"."Document"."expiryDate", "public"."Document"."effectiveDate", "public"."Document"."currentVersionId", "public"."Document"."createdById", "public"."Document"."updatedById", "public"."Document"."createdAt", "public"."Document"."updatedAt", "public"."Document"."typeId", "public"."Document"."documentNumber", "public"."Document"."supersedesId", "public"."Document"."supersededById" FROM "public"."Document" WHERE ("public"."Document"."id" = $1 AND "public"."Document"."tenantId" = $2) LIMIT $3 OFFSET $4
prisma:query INSERT INTO "public"."DocumentComment" ("id","documentId","userId","content","tenantId","createdAt") VALUES ($1,$2,$3,$4,$5,$6) RETURNING "public"."DocumentComment"."id", "public"."DocumentComment"."documentId", "public"."DocumentComment"."userId", "public"."DocumentComment"."content", "public"."DocumentComment"."tenantId", "public"."DocumentComment"."createdAt"
prisma:query INSERT INTO "public"."AuditLog" ("tenantId","actorUserId","entityType","entityId","action","module","details","metadata","createdAt") VALUES ($1,$2,$3,$4,$5,$6,$7,$8,$9) RETURNING "public"."AuditLog"."id", "public"."AuditLog"."tenantId", "public"."AuditLog"."actorUserId", "public"."AuditLog"."targetUserId", "public"."AuditLog"."entityType", "public"."AuditLog"."entityId", "public"."AuditLog"."action", "public"."AuditLog"."module", "public"."AuditLog"."details", "public"."AuditLog"."metadata", "public"."AuditLog"."ipAddress", "public"."AuditLog"."createdAt"
prisma:query COMMIT
Γ£à Comment added: {
  id: 'f3a46de6-9652-4fc4-a75c-184c1e2a6bcc',
  documentId: 'cmlrx083t00073zj0o3i4vy3q',
  userId: 1,
  content: 'This is a test comment from script.',
  tenantId: 1,
  createdAt: 2026-02-19T16:49:54.206Z
}
≡ƒöì Fetching comments...
prisma:query SELECT "public"."DocumentComment"."id", "public"."DocumentComment"."documentId", "public"."DocumentComment"."userId", "public"."DocumentComment"."content", "public"."DocumentComment"."tenantId", "public"."DocumentComment"."createdAt" FROM "public"."DocumentComment" WHERE ("public"."DocumentComment"."documentId" = $1 AND "public"."DocumentComment"."tenantId" = $2) ORDER BY "public"."DocumentComment"."createdAt" ASC OFFSET $3
prisma:query SELECT "public"."User"."id", "public"."User"."fullName", "public"."User"."email" FROM "public"."User" WHERE "public"."User"."id" IN ($1) OFFSET $2
Γ£à Found 2 comments.
  - [System Administrator] This is a test comment from script.
  - [System Administrator] This is a test comment from script.
prisma:query SELECT "public"."User"."id", "public"."User"."email" FROM "public"."User" WHERE ("public"."User"."id" = $1 AND "public"."User"."tenantId" = $2) LIMIT $3 OFFSET $4
